----------------------------------------------------
[2026-08-20 11:01:01] Starting automated backup...
----------------------------------------------------
[11:01:01] Error: Source directory ./Varun does not exist.
----------------------------------------------------
[2026-08-20 11:05:01] Starting automated backup...
----------------------------------------------------
[11:05:01] Archiving /home/leo/Documents/Devops/Project/Leo/Varun into /home/leo/Documents/Devops/Project/Leo/backups/backup_2026 08 20_11 05 01.tar.gz...
tar: Removing leading `/' from member names
[11:05:01] ✔ Backup created successfully: backup_2026 08 20_11 05 01.tar.gz
[11:05:01] Size: 4.0K
[2026-08-20 11:05:01] Finished backup run.

----------------------------------------------------
[2026-08-20 11:06:01] Starting automated backup...
----------------------------------------------------
[11:06:01] Archiving /home/leo/Documents/Devops/Project/Leo/Varun into /home/leo/Documents/Devops/Project/Leo/backups/backup_2026 08 20_11 06 01.tar.gz...
tar: Removing leading `/' from member names
[11:06:01] ✔ Backup created successfully: backup_2026 08 20_11 06 01.tar.gz
[11:06:01] Size: 4.0K
[2026-08-20 11:06:01] Finished backup run.

